1970-01-01 "HANDLING FEE FOR PAPER STATEMENT"
Liabilities:CreditCard Expenses:TBD                 1.95 CHF

1970-02-02 "ANNUAL FEE"
Liabilities:CreditCard Expenses:TBD                  120 CHF

1970-03-03 "THRIFT SHOP / MISCELLANEOUS AND SPECIALTY RETAIL STORES"
Liabilities:CreditCard Expenses:TBD                 16.9 CHF

1970-04-04 "GITHUB / COMPUTER SOFTWARE STORES"
Expenses:TBD           Liabilities:CreditCard          1 CHF

1970-05-05 "SBB / PASSENGER RAILWAYS"
Liabilities:CreditCard Expenses:TBD                   18 CHF

1970-06-06 "GITHUB / COMPUTER SOFTWARE STORES"
Liabilities:CreditCard Expenses:TBD                 1.05 CHF

