2021-06-18
| foo2
Assets:Bankaccount Expenses:Foo2              50 USD

2021-06-18
| something
Assets:Bankaccount Expenses:Baz               50 USD
